// Jest Snapshot v1, https://goo.gl/fbAQLP

exports[`renders message correctly 1`] = `
<div
  className="App__content-message"
>
  Dummy text for testing
</div>
`;
